#!/usr/bin/env sh
if [ -f "/opt/homebrew/etc/grafana-alloy/config.env" ]; then
  set -a
  . "/opt/homebrew/etc/grafana-alloy/config.env"
  set +a
fi

extra_args=""
[ -f "/opt/homebrew/etc/grafana-alloy/extra-args.txt" ] && extra_args=$(cat "/opt/homebrew/etc/grafana-alloy/extra-args.txt")

exec "/opt/homebrew/opt/grafana-alloy/bin/alloy" run \
  --storage.path="/opt/homebrew/var/lib/grafana-alloy/data" \
  $extra_args \
  "/opt/homebrew/etc/grafana-alloy"
